[    0.000000] Linux version 4.15.0-189-generic (buildd@lcy02-amd64-039) (gcc version 7.5.0 (Ubuntu 7.5.0-3ubuntu1~18.04)) #200-Ubuntu SMP Wed Jun 22 19:53:37 UTC 2022 (Ubuntu 4.15.0-189.200-generic 4.15.18)
[    0.000000] Command line: BOOT_IMAGE=/boot/vmlinuz-4.15.0-189-generic root=LABEL=cloudimg-rootfs ro console=tty1 console=ttyS0
[    0.000000] KERNEL supported cpus:
[    0.000000]   Intel GenuineIntel
[    0.000000]   AMD AuthenticAMD
[    0.000000]   Centaur CentaurHauls
[    0.000000] x86/fpu: Supporting XSAVE feature 0x001: 'x87 floating point registers'
[    0.000000] x86/fpu: Supporting XSAVE feature 0x002: 'SSE registers'
[    0.000000] x86/fpu: Supporting XSAVE feature 0x004: 'AVX registers'
[    0.000000] x86/fpu: xstate_offset[2]:  576, xstate_sizes[2]:  256
[    0.000000] x86/fpu: Enabled xstate features 0x7, context size is 832 bytes, using 'standard' format.
[    0.000000] e820: BIOS-provided physical RAM map:
[    0.000000] BIOS-e820: [mem 0x0000000000000000-0x000000000009fbff] usable
[    0.000000] BIOS-e820: [mem 0x000000000009fc00-0x000000000009ffff] reserved
[    0.000000] BIOS-e820: [mem 0x00000000000f0000-0x00000000000fffff] reserved
[    0.000000] BIOS-e820: [mem 0x0000000000100000-0x000000001ffeffff] usable
[    0.000000] BIOS-e820: [mem 0x000000001fff0000-0x000000001fffffff] ACPI data
[    0.000000] BIOS-e820: [mem 0x00000000fec00000-0x00000000fec00fff] reserved
[    0.000000] BIOS-e820: [mem 0x00000000fee00000-0x00000000fee00fff] reserved
[    0.000000] BIOS-e820: [mem 0x00000000fffc0000-0x00000000ffffffff] reserved
[    0.000000] NX (Execute Disable) protection: active
[    0.000000] SMBIOS 2.5 present.
[    0.000000] DMI: innotek GmbH VirtualBox/VirtualBox, BIOS VirtualBox 12/01/2006
[    0.000000] Hypervisor detected: KVM
[    0.000000] e820: last_pfn = 0x1fff0 max_arch_pfn = 0x400000000
[    0.000000] MTRR: Disabled
[    0.000000] x86/PAT: MTRRs disabled, skipping PAT initialization too.
[    0.000000] CPU MTRRs all blank - virtualized system.
[    0.000000] x86/PAT: Configuration [0-7]: WB  WT  UC- UC  WB  WT  UC- UC  
[    0.000000] found SMP MP-table at [mem 0x0009fff0-0x0009ffff]
[    0.000000] Scanning 1 areas for low memory corruption
[    0.000000] RAMDISK: [mem 0x1dadc000-0x1edeefff]
[    0.000000] ACPI: Early table checksum verification disabled
[    0.000000] ACPI: RSDP 0x00000000000E0000 000024 (v02 VBOX  )
[    0.000000] ACPI: XSDT 0x000000001FFF0030 00003C (v01 VBOX   VBOXXSDT 00000001 ASL  00000061)
[    0.000000] ACPI: FACP 0x000000001FFF00F0 0000F4 (v04 VBOX   VBOXFACP 00000001 ASL  00000061)
[    0.000000] ACPI: DSDT 0x000000001FFF0470 002325 (v02 VBOX   VBOXBIOS 00000002 INTL 20120111)
[    0.000000] ACPI: FACS 0x000000001FFF0200 000040
[    0.000000] ACPI: FACS 0x000000001FFF0200 000040
[    0.000000] ACPI: APIC 0x000000001FFF0240 000054 (v02 VBOX   VBOXAPIC 00000001 ASL  00000061)
[    0.000000] ACPI: SSDT 0x000000001FFF02A0 0001CC (v01 VBOX   VBOXCPUT 00000002 INTL 20120111)
[    0.000000] ACPI: Reserving FACP table memory at [mem 0x1fff00f0-0x1fff01e3]
[    0.000000] ACPI: Reserving DSDT table memory at [mem 0x1fff0470-0x1fff2794]
[    0.000000] ACPI: Reserving FACS table memory at [mem 0x1fff0200-0x1fff023f]
[    0.000000] ACPI: Reserving FACS table memory at [mem 0x1fff0200-0x1fff023f]
[    0.000000] ACPI: Reserving APIC table memory at [mem 0x1fff0240-0x1fff0293]
[    0.000000] ACPI: Reserving SSDT table memory at [mem 0x1fff02a0-0x1fff046b]
[    0.000000] No NUMA configuration found
[    0.000000] Faking a node at [mem 0x0000000000000000-0x000000001ffeffff]
[    0.000000] NODE_DATA(0) allocated [mem 0x1ffc5000-0x1ffeffff]
[    0.000000] kvm-clock: cpu 0, msr 0:1ff44001, primary cpu clock
[    0.000000] kvm-clock: Using msrs 4b564d01 and 4b564d00
[    0.000000] kvm-clock: using sched offset of 5131107893 cycles
[    0.000000] clocksource: kvm-clock: mask: 0xffffffffffffffff max_cycles: 0x1cd42e4dffb, max_idle_ns: 881590591483 ns
[    0.000000] Zone ranges:
[    0.000000]   DMA      [mem 0x0000000000001000-0x0000000000ffffff]
[    0.000000]   DMA32    [mem 0x0000000001000000-0x000000001ffeffff]
[    0.000000]   Normal   empty
[    0.000000]   Device   empty
[    0.000000] Movable zone start for each node
[    0.000000] Early memory node ranges
[    0.000000]   node   0: [mem 0x0000000000001000-0x000000000009efff]
[    0.000000]   node   0: [mem 0x0000000000100000-0x000000001ffeffff]
[    0.000000] Reserved but unavailable: 104 pages
[    0.000000] Initmem setup node 0 [mem 0x0000000000001000-0x000000001ffeffff]
[    0.000000] ACPI: PM-Timer IO Port: 0x4008
[    0.000000] IOAPIC[0]: apic_id 1, version 32, address 0xfec00000, GSI 0-23
[    0.000000] ACPI: INT_SRC_OVR (bus 0 bus_irq 0 global_irq 2 dfl dfl)
[    0.000000] ACPI: INT_SRC_OVR (bus 0 bus_irq 9 global_irq 9 low level)
[    0.000000] Using ACPI (MADT) for SMP configuration information
[    0.000000] smpboot: Allowing 1 CPUs, 0 hotplug CPUs
[    0.000000] PM: Registered nosave memory: [mem 0x00000000-0x00000fff]
[    0.000000] PM: Registered nosave memory: [mem 0x0009f000-0x0009ffff]
[    0.000000] PM: Registered nosave memory: [mem 0x000a0000-0x000effff]
[    0.000000] PM: Registered nosave memory: [mem 0x000f0000-0x000fffff]
[    0.000000] e820: [mem 0x20000000-0xfebfffff] available for PCI devices
[    0.000000] Booting paravirtualized kernel on KVM
[    0.000000] clocksource: refined-jiffies: mask: 0xffffffff max_cycles: 0xffffffff, max_idle_ns: 7645519600211568 ns
[    0.000000] random: get_random_bytes called from start_kernel+0x99/0x500 with crng_init=0
[    0.000000] setup_percpu: NR_CPUS:8192 nr_cpumask_bits:1 nr_cpu_ids:1 nr_node_ids:1
[    0.000000] percpu: Embedded 50 pages/cpu s167936 r8192 d28672 u2097152
[    0.000000] PV qspinlock hash table entries: 256 (order: 0, 4096 bytes)
[    0.000000] Built 1 zonelists, mobility grouping on.  Total pages: 128889
[    0.000000] Policy zone: DMA32
[    0.000000] Kernel command line: BOOT_IMAGE=/boot/vmlinuz-4.15.0-189-generic root=LABEL=cloudimg-rootfs ro console=tty1 console=ttyS0
[    0.000000] Memory: 466748K/523832K available (12300K kernel code, 2484K rwdata, 4324K rodata, 2468K init, 2724K bss, 57084K reserved, 0K cma-reserved)
[    0.000000] SLUB: HWalign=64, Order=0-3, MinObjects=0, CPUs=1, Nodes=1
[    0.000000] Kernel/User page tables isolation: enabled
[    0.000000] ftrace: allocating 39515 entries in 155 pages
[    0.004000] Hierarchical RCU implementation.
[    0.004000] 	RCU restricting CPUs from NR_CPUS=8192 to nr_cpu_ids=1.
[    0.004000] 	Tasks RCU enabled.
[    0.004000] RCU: Adjusting geometry for rcu_fanout_leaf=16, nr_cpu_ids=1
[    0.004000] NR_IRQS: 524544, nr_irqs: 256, preallocated irqs: 16
[    0.004000] Console: colour VGA+ 80x25
[    0.004000] console [tty1] enabled
[    0.004000] console [ttyS0] enabled
[    0.004000] ACPI: Core revision 20170831
[    0.004000] ACPI: 2 ACPI AML tables successfully acquired and loaded
[    0.004000] APIC: Switch to symmetric I/O mode setup
[    0.004000] x2apic enabled
[    0.004000] Switched APIC routing to physical x2apic.
[    0.005790] ..TIMER: vector=0x30 apic1=0 pin1=2 apic2=-1 pin2=-1
[    0.008011] tsc: Detected 2893.406 MHz processor
[    0.009520] Calibrating delay loop (skipped) preset value.. 5786.81 BogoMIPS (lpj=11573624)
[    0.012010] pid_max: default: 32768 minimum: 301
[    0.013487] Security Framework initialized
[    0.016005] Yama: becoming mindful.
[    0.016883] AppArmor: AppArmor initialized
[    0.017958] Dentry cache hash table entries: 65536 (order: 7, 524288 bytes)
[    0.020024] Inode-cache hash table entries: 32768 (order: 6, 262144 bytes)
[    0.024037] Mount-cache hash table entries: 1024 (order: 1, 8192 bytes)
[    0.025735] Mountpoint-cache hash table entries: 1024 (order: 1, 8192 bytes)
[    0.028295] process: using mwait in idle threads
[    0.029476] Last level iTLB entries: 4KB 512, 2MB 8, 4MB 8
[    0.031005] Last level dTLB entries: 4KB 512, 2MB 32, 4MB 32, 1GB 0
[    0.032007] Spectre V1 : Mitigation: usercopy/swapgs barriers and __user pointer sanitization
[    0.034035] Spectre V2 : Mitigation: Retpolines
[    0.036002] Spectre V2 : Spectre v2 / SpectreRSB mitigation: Filling RSB on context switch
[    0.040013] Speculative Store Bypass: Vulnerable
[    0.041672] MDS: Mitigation: Clear CPU buffers
[    0.042731] SRBDS: Unknown: Dependent on hypervisor status
[    0.061535] Freeing SMP alternatives memory: 36K
[    0.173360] smpboot: CPU0: Intel(R) Core(TM) i7-3520M CPU @ 2.90GHz (family: 0x6, model: 0x3a, stepping: 0x9)
[    0.176000] Performance Events: unsupported p6 CPU model 58 no PMU driver, software events only.
[    0.176087] Hierarchical SRCU implementation.
[    0.177697] NMI watchdog: Perf event create on CPU 0 failed with -2
[    0.180007] NMI watchdog: Perf NMI watchdog permanently disabled
[    0.181632] smp: Bringing up secondary CPUs ...
[    0.182727] smp: Brought up 1 node, 1 CPU
[    0.184004] smpboot: Max logical packages: 1
[    0.185569] smpboot: Total of 1 processors activated (5786.81 BogoMIPS)
[    0.188260] devtmpfs: initialized
[    0.189406] x86/mm: Memory block size: 128MB
[    0.192124] evm: security.selinux
[    0.193071] evm: security.SMACK64
[    0.193884] evm: security.SMACK64EXEC
[    0.194778] evm: security.SMACK64TRANSMUTE
[    0.196015] evm: security.SMACK64MMAP
[    0.197017] evm: security.apparmor
[    0.197870] evm: security.ima
[    0.198654] evm: security.capability
[    0.200158] clocksource: jiffies: mask: 0xffffffff max_cycles: 0xffffffff, max_idle_ns: 7645041785100000 ns
[    0.204041] futex hash table entries: 256 (order: 2, 16384 bytes)
[    0.206034] pinctrl core: initialized pinctrl subsystem
[    0.208149] RTC time: 17:29:58, date: 11/12/23
[    0.209504] NET: Registered protocol family 16
[    0.210635] audit: initializing netlink subsys (disabled)
[    0.212135] cpuidle: using governor ladder
[    0.213124] cpuidle: using governor menu
[    0.214213] ACPI: bus type PCI registered
[    0.216004] acpiphp: ACPI Hot Plug PCI Controller Driver version: 0.5
[    0.217815] audit: type=2000 audit(1699810204.830:1): state=initialized audit_enabled=0 res=1
[    0.220237] PCI: Using configuration type 1 for base access
[    0.224957] HugeTLB registered 2.00 MiB page size, pre-allocated 0 pages
[    0.226983] ACPI: Added _OSI(Module Device)
[    0.228013] ACPI: Added _OSI(Processor Device)
[    0.229091] ACPI: Added _OSI(3.0 _SCP Extensions)
[    0.230361] ACPI: Added _OSI(Processor Aggregator Device)
[    0.232018] ACPI: Added _OSI(Linux-Dell-Video)
[    0.233260] ACPI: Added _OSI(Linux-Lenovo-NV-HDMI-Audio)
[    0.236033] ACPI: Added _OSI(Linux-HPI-Hybrid-Graphics)
[    0.240486] ACPI: Executed 1 blocks of module-level executable AML code
[    0.246935] ACPI: Interpreter enabled
[    0.247907] ACPI: (supports S0 S5)
[    0.248007] ACPI: Using IOAPIC for interrupt routing
[    0.249593] PCI: Using host bridge windows from ACPI; if necessary, use "pci=nocrs" and report a bug
[    0.252393] ACPI: Enabled 2 GPEs in block 00 to 07
[    0.264532] ACPI: PCI Root Bridge [PCI0] (domain 0000 [bus 00-ff])
[    0.266401] acpi PNP0A03:00: _OSC: OS supports [ASPM ClockPM Segments MSI]
[    0.268531] acpi PNP0A03:00: _OSC: not requesting OS control; OS requires [ExtendedConfig ASPM ClockPM MSI]
[    0.272033] acpi PNP0A03:00: fail to add MMCONFIG information, can't access extended PCI configuration space under this bridge.
[    0.276454] PCI host bridge to bus 0000:00
[    0.277575] pci_bus 0000:00: root bus resource [io  0x0000-0x0cf7 window]
[    0.279501] pci_bus 0000:00: root bus resource [io  0x0d00-0xffff window]
[    0.280006] pci_bus 0000:00: root bus resource [mem 0x000a0000-0x000bffff window]
[    0.282276] pci_bus 0000:00: root bus resource [mem 0x20000000-0xfdffffff window]
[    0.284005] pci_bus 0000:00: root bus resource [bus 00-ff]
[    0.292293] pci 0000:00:01.1: legacy IDE quirk: reg 0x10: [io  0x01f0-0x01f7]
[    0.294013] pci 0000:00:01.1: legacy IDE quirk: reg 0x14: [io  0x03f6]
[    0.295783] pci 0000:00:01.1: legacy IDE quirk: reg 0x18: [io  0x0170-0x0177]
[    0.296008] pci 0000:00:01.1: legacy IDE quirk: reg 0x1c: [io  0x0376]
[    0.313237] pci 0000:00:07.0: quirk: [io  0x4000-0x403f] claimed by PIIX4 ACPI
[    0.315435] pci 0000:00:07.0: quirk: [io  0x4100-0x410f] claimed by PIIX4 SMB
[    0.331585] ACPI: PCI Interrupt Link [LNKA] (IRQs 5 9 10 *11)
[    0.332430] ACPI: PCI Interrupt Link [LNKB] (IRQs 5 9 *10 11)
[    0.336208] ACPI: PCI Interrupt Link [LNKC] (IRQs 5 *9 10 11)
[    0.338808] ACPI: PCI Interrupt Link [LNKD] (IRQs 5 9 10 *11)
[    0.340448] SCSI subsystem initialized
[    0.341909] pci 0000:00:02.0: vgaarb: setting as boot VGA device
[    0.344000] pci 0000:00:02.0: vgaarb: VGA device added: decodes=io+mem,owns=io+mem,locks=none
[    0.344015] pci 0000:00:02.0: vgaarb: bridge control possible
[    0.345376] vgaarb: loaded
[    0.346196] ACPI: bus type USB registered
[    0.347322] usbcore: registered new interface driver usbfs
[    0.348027] usbcore: registered new interface driver hub
[    0.349287] usbcore: registered new device driver usb
[    0.352084] EDAC MC: Ver: 3.0.0
[    0.353304] PCI: Using ACPI for IRQ routing
[    0.354710] NetLabel: Initializing
[    0.355690] NetLabel:  domain hash size = 128
[    0.356008] NetLabel:  protocols = UNLABELED CIPSOv4 CALIPSO
[    0.360053] NetLabel:  unlabeled traffic allowed by default
[    0.361723] clocksource: Switched to clocksource kvm-clock
[    0.378691] VFS: Disk quotas dquot_6.6.0
[    0.379945] VFS: Dquot-cache hash table entries: 512 (order 0, 4096 bytes)
[    0.381844] AppArmor: AppArmor Filesystem Enabled
[    0.383161] pnp: PnP ACPI init
[    0.385800] pnp: PnP ACPI: found 3 devices
[    0.398045] clocksource: acpi_pm: mask: 0xffffff max_cycles: 0xffffff, max_idle_ns: 2085701024 ns
[    0.400332] NET: Registered protocol family 2
[    0.401435] IP idents hash table entries: 8192 (order: 4, 65536 bytes)
[    0.403461] TCP established hash table entries: 4096 (order: 3, 32768 bytes)
[    0.408731] TCP bind hash table entries: 4096 (order: 4, 65536 bytes)
[    0.410303] TCP: Hash tables configured (established 4096 bind 4096)
[    0.411833] UDP hash table entries: 256 (order: 1, 8192 bytes)
[    0.413251] UDP-Lite hash table entries: 256 (order: 1, 8192 bytes)
[    0.414946] NET: Registered protocol family 1
[    0.416152] pci 0000:00:00.0: Limiting direct PCI/PCI transfers
[    0.417658] pci 0000:00:01.0: Activating ISA DMA hang workarounds
[    0.419183] pci 0000:00:02.0: Video device with shadowed ROM at [mem 0x000c0000-0x000dffff]
[    0.424454] Unpacking initramfs...
[    0.736893] Freeing initrd memory: 19532K
[    0.738578] clocksource: tsc: mask: 0xffffffffffffffff max_cycles: 0x29b4ee1aabe, max_idle_ns: 440795265226 ns
[    0.741487] platform rtc_cmos: registered platform RTC device (no PNP device found)
[    0.743572] Scanning for low memory corruption every 60 seconds
[    0.745755] Initialise system trusted keyrings
[    0.746887] Key type blacklist registered
[    0.747924] workingset: timestamp_bits=36 max_order=17 bucket_order=0
[    0.750325] zbud: loaded
[    0.751520] squashfs: version 4.0 (2009/01/31) Phillip Lougher
[    0.754549] fuse init (API version 7.26)
[    0.756784] Key type asymmetric registered
[    0.757875] Asymmetric key parser 'x509' registered
[    0.759094] Block layer SCSI generic (bsg) driver version 0.4 loaded (major 246)
[    0.761131] io scheduler noop registered
[    0.762103] io scheduler deadline registered
[    0.763306] io scheduler cfq registered (default)
[    0.766129] ACPI: AC Adapter [AC] (off-line)
[    0.768044] input: Power Button as /devices/LNXSYSTM:00/LNXPWRBN:00/input/input0
[    0.773962] ACPI: Power Button [PWRF]
[    0.776220] input: Sleep Button as /devices/LNXSYSTM:00/LNXSLPBN:00/input/input1
[    0.778653] ACPI: Sleep Button [SLPF]
[    0.781782] ACPI: Battery Slot [BAT0] (battery present)
[    0.783861] Serial: 8250/16550 driver, 32 ports, IRQ sharing enabled
[    0.809153] 00:02: ttyS0 at I/O 0x3f8 (irq = 4, base_baud = 115200) is a 16550A
[    0.817349] Linux agpgart interface v0.103
[    0.821465] loop: module loaded
[    0.825743] scsi host0: ata_piix
[    0.827531] scsi host1: ata_piix
[    0.829831] ata1: PATA max UDMA/33 cmd 0x1f0 ctl 0x3f6 bmdma 0xd000 irq 14
[    0.833631] ata2: PATA max UDMA/33 cmd 0x170 ctl 0x376 bmdma 0xd008 irq 15
[    0.840291] tun: Universal TUN/TAP device driver, 1.6
[    0.843611] PPP generic driver version 2.4.2
[    0.846430] ehci_hcd: USB 2.0 'Enhanced' Host Controller (EHCI) Driver
[    0.850576] ehci-pci: EHCI PCI platform driver
[    0.854267] ehci-platform: EHCI generic platform driver
[    0.857859] ohci_hcd: USB 1.1 'Open' Host Controller (OHCI) Driver
[    0.861318] ohci-pci: OHCI PCI platform driver
[    0.863917] ohci-platform: OHCI generic platform driver
[    0.867180] uhci_hcd: USB Universal Host Controller Interface driver
[    0.874466] i8042: PNP: PS/2 Controller [PNP0303:PS2K,PNP0f03:PS2M] at 0x60,0x64 irq 1,12
[    0.880987] serio: i8042 KBD port at 0x60,0x64 irq 1
[    0.883820] serio: i8042 AUX port at 0x60,0x64 irq 12
[    0.888258] mousedev: PS/2 mouse device common for all mice
[    0.892679] input: AT Translated Set 2 keyboard as /devices/platform/i8042/serio0/input/input2
[    0.898278] rtc_cmos rtc_cmos: rtc core: registered rtc_cmos as rtc0
[    0.902980] rtc_cmos rtc_cmos: alarms up to one day, 114 bytes nvram
[    0.907645] i2c /dev entries driver
[    0.910062] device-mapper: uevent: version 1.0.3
[    0.911922] device-mapper: ioctl: 4.37.0-ioctl (2017-09-20) initialised: dm-devel@redhat.com
[    0.914099] ledtrig-cpu: registered to indicate activity on CPUs
[    0.915983] NET: Registered protocol family 10
[    0.921134] Segment Routing with IPv6
[    0.923648] NET: Registered protocol family 17
[    0.925680] Key type dns_resolver registered
[    0.927697] mce: Using 0 MCE banks
[    0.929198] RAS: Correctable Errors collector initialized.
[    0.931331] sched_clock: Marking stable (929095541, 0)->(1167314173, -238218632)
[    0.934358] registered taskstats version 1
[    0.939079] Loading compiled-in X.509 certificates
[    0.942707] Loaded X.509 cert 'Build time autogenerated kernel key: 9c4811ffd453f4b0c13447eb15d717d926dfaff5'
[    0.945849] Loaded X.509 cert 'Canonical Ltd. Live Patch Signing: 14df34d1a87cf37625abec039ef2bf521249b969'
[    0.948961] Loaded X.509 cert 'Canonical Ltd. Kernel Module Signing: 88f752e560a1e0737e31163a466ad7b70a850c19'
[    0.955198] blacklist: Loading compiled-in revocation X.509 certificates
[    0.958233] Loaded X.509 cert 'Canonical Ltd. Secure Boot Signing: 61482aa2830d0ab2ad5af10b7250da9033ddcef0'
[    0.961269] zswap: loaded using pool lzo/zbud
[    0.965116] Key type big_key registered
[    0.966243] Key type trusted registered
[    0.968699] Key type encrypted registered
[    0.972927] AppArmor: AppArmor sha1 policy hashing enabled
[    0.974374] ima: No TPM chip found, activating TPM-bypass! (rc=-19)
[    0.975852] ima: Allocated hash algorithm: sha1
[    0.977045] evm: HMAC attrs: 0x1
[    0.978416]   Magic number: 15:661:491
[    0.979428] rtc_cmos rtc_cmos: setting system clock to 2023-11-12 17:29:59 UTC (1699810199)
[    0.981548] BIOS EDD facility v0.16 2004-Jun-25, 0 devices found
[    0.983095] EDD information not available.
[    1.023259] Freeing unused kernel image memory: 2468K
[    1.032681] Write protecting the kernel read-only data: 20480k
[    1.035771] Freeing unused kernel image memory: 2008K
[    1.039512] Freeing unused kernel image memory: 1820K
[    1.047241] x86/mm: Checked W+X mappings: passed, no W+X pages found.
[    1.048871] x86/mm: Checking user space page tables
[    1.058249] x86/mm: Checked W+X mappings: passed, no W+X pages found.
Loading, please wait...
starting version 237
[    1.183416] e1000: Intel(R) PRO/1000 Network Driver - version 7.3.21-k8-NAPI
[    1.189428] e1000: Copyright (c) 1999-2006 Intel Corporation.
[    1.196372] Fusion MPT base driver 3.04.20
[    1.197434] Copyright (c) 1999-2008 LSI Corporation
[    1.226850] Fusion MPT SPI Host driver 3.04.20
[    1.248710] AVX version of gcm_enc/dec engaged.
[    1.250062] AES CTR mode by8 optimization enabled
[    1.254972] mptbase: ioc0: Initiating bringup
[    1.352635] ioc0: LSI53C1030 A0: Capabilities={Initiator}
[    1.410268] input: ImExPS/2 Generic Explorer Mouse as /devices/platform/i8042/serio1/input/input4
[    1.594157] scsi host2: ioc0: LSI53C1030 A0, FwRev=00000000h, Ports=1, MaxQ=256, IRQ=20
[    1.766612] scsi 2:0:0:0: Direct-Access     VBOX     HARDDISK         1.0  PQ: 0 ANSI: 5
[    1.771015] scsi target2:0:0: Beginning Domain Validation
[    1.773643] random: fast init done
[    1.775335] scsi target2:0:0: Domain Validation skipping write tests
[    1.777242] scsi target2:0:0: Ending Domain Validation
[    1.778650] scsi target2:0:0: asynchronous
[    1.780170] scsi 2:0:1:0: Direct-Access     VBOX     HARDDISK         1.0  PQ: 0 ANSI: 5
[    1.782081] scsi target2:0:1: Beginning Domain Validation
[    1.784941] scsi target2:0:1: Domain Validation skipping write tests
[    1.787128] scsi target2:0:1: Ending Domain Validation
[    1.788952] scsi target2:0:1: asynchronous
[    1.794172] random: systemd-udevd: uninitialized urandom read (16 bytes read)
[    1.795939] random: systemd-udevd: uninitialized urandom read (16 bytes read)
[    1.798117] sd 2:0:0:0: Attached scsi generic sg0 type 0
[    1.800884] sd 2:0:0:0: [sda] 83886080 512-byte logical blocks: (42.9 GB/40.0 GiB)
[    1.808934] sd 2:0:0:0: [sda] Write Protect is off
[    1.811097] sd 2:0:0:0: [sda] Incomplete mode parameter data
[    1.812488] sd 2:0:0:0: [sda] Assuming drive cache: write through
[    1.814148] sd 2:0:1:0: [sdb] 20480 512-byte logical blocks: (10.5 MB/10.0 MiB)
[    1.816737] sd 2:0:1:0: Attached scsi generic sg1 type 0
[    1.818795] sd 2:0:1:0: [sdb] Write Protect is off
[    1.820456] sd 2:0:1:0: [sdb] Incomplete mode parameter data
[    1.821983] sd 2:0:1:0: [sdb] Assuming drive cache: write through
[    1.824410] random: systemd-udevd: uninitialized urandom read (16 bytes read)
[    1.832410]  sda: sda1
[    1.834526] sd 2:0:0:0: [sda] Attached SCSI disk
[    1.837663] sd 2:0:1:0: [sdb] Attached SCSI disk
[    2.287004] e1000 0000:00:03.0 eth0: (PCI:33MHz:32-bit) 02:d7:28:fc:8d:bd
[    2.288717] e1000 0000:00:03.0 eth0: Intel(R) PRO/1000 Network Connection
[    2.758494] e1000 0000:00:08.0 eth1: (PCI:33MHz:32-bit) 08:00:27:1f:b4:25
[    2.760930] e1000 0000:00:08.0 eth1: Intel(R) PRO/1000 Network Connection
[    2.764850] e1000 0000:00:08.0 enp0s8: renamed from eth1
[    2.770141] e1000 0000:00:03.0 enp0s3: renamed from eth0
Begin: Loading essential drivers ... [    4.176067] raid6: sse2x1   gen()  8563 MB/s
[    4.224056] raid6: sse2x1   xor()  6565 MB/s
[    4.272113] raid6: sse2x2   gen() 11164 MB/s
[    4.320083] raid6: sse2x2   xor()  5092 MB/s
[    4.368124] raid6: sse2x4   gen()  6421 MB/s
[    4.416060] raid6: sse2x4   xor()  8495 MB/s
[    4.417146] raid6: using algorithm sse2x2 gen() 11164 MB/s
[    4.418447] raid6: .... xor() 5092 MB/s, rmw enabled
[    4.419684] raid6: using ssse3x2 recovery algorithm
[    4.423020] xor: automatically using best checksumming function   avx       
[    4.426417] async_tx: api initialized (async)
done.
Begin: Running /scripts/init-premount ... done.
Begin: Mounting root file system ... Begin: Running /scripts/local-top ... done.
Begin: Running /scripts/local-premount ... [    4.481614] Btrfs loaded, crc32c=crc32c-intel
Scanning for Btrfs filesystems
done.
Warning: fsck not present, so skipping root file system
[    4.593697] EXT4-fs (sda1): mounted filesystem with ordered data mode. Opts: (null)
done.
Begin: Running /scripts/local-bottom ... done.
Begin: Running /scripts/init-bottom ... done.
[    4.782636] ip_tables: (C) 2000-2006 Netfilter Core Team
[    4.794607] systemd[1]: systemd 237 running in system mode. (+PAM +AUDIT +SELINUX +IMA +APPARMOR +SMACK +SYSVINIT +UTMP +LIBCRYPTSETUP +GCRYPT +GNUTLS +ACL +XZ +LZ4 +SECCOMP +BLKID +ELFUTILS +KMOD -IDN2 +IDN -PCRE2 default-hierarchy=hybrid)
[    4.800042] systemd[1]: Detected virtualization oracle.
[    4.801497] systemd[1]: Detected architecture x86-64.

Welcome to [1mUbuntu 18.04.6 LTS[0m!

[    4.806108] systemd[1]: Set hostname to <ubuntu>.
[    4.813677] systemd[1]: Initializing machine ID from random generator.
[    4.815319] systemd[1]: Installed transient /etc/machine-id file.
[    5.067486] systemd[1]: Set up automount Arbitrary Executable File Formats File System Automount Point.
[[0;32m  OK  [0m] Set up automount Arbitrary Executabâ€¦rmats File System Automount Point.
[    5.071541] systemd[1]: Started Forward Password Requests to Wall Directory Watch.
[[0;32m  OK  [0m] Started Forward Password Requests to Wall Directory Watch.
[    5.075054] systemd[1]: Reached target Swap.
[[0;32m  OK  [0m] Reached target Swap.
[    5.077714] systemd[1]: Created slice System Slice.
[[0;32m  OK  [0m] Created slice System Slice.
[[0;32m  OK  [0m] Listening on udev Kernel Socket.
[[0;32m  OK  [0m] Listening on Device-mapper event daemon FIFOs.
[[0;32m  OK  [0m] Listening on /dev/initctl Compatibility Named Pipe.
[[0;32m  OK  [0m] Listening on Journal Socket (/dev/log).
[[0;32m  OK  [0m] Listening on Syslog Socket.
[[0;32m  OK  [0m] Created slice system-serial\x2dgetty.slice.
[[0;32m  OK  [0m] Listening on Journal Socket.
         Starting Uncomplicated firewall...
         Starting Load Kernel Modules...
         Mounting Kernel Debug File System...
[[0;32m  OK  [0m] Listening on Network Service Netlink Socket.
[[0;32m  OK  [0m] Reached target System Time Synchronized.
[[0;32m  OK  [0m] Reached target User and Group Name Lookups.
[[0;32m  OK  [0m] Listening on Journal Audit Socket.
[    5.118488] Loading iSCSI transport class v2.0-870.
         Starting Journal Service...
         Mounting POSIX Message Queue File System...
[[0;32m  OK  [0m] Listening on LVM2 metadata daemon socket.
[    5.136355] iscsi: registered transport (tcp)
         Starting Monitoring of LVM2 mirrorsâ€¦ng dmeventd or progress polling...
[[0;32m  OK  [0m] Created slice User and Session Slice.
[[0;32m  OK  [0m] Reached target Slices.
[[0;32m  OK  [0m] Listening on udev Control Socket.
         Starting udev Coldplug all Devices...
         Starting Set the console keyboard layout...
         Mounting Huge Pages File System...
[[0;32m  OK  [0m] Listening on LVM2 poll daemon socket.
         Starting Create list of required stâ€¦ce nodes for the current kernel...
[[0;32m  OK  [0m] Listening on fsck to fsckd communication Socket.
         Starting File System Check on Root Device...
[    5.252054] iscsi: registered transport (iser)
[[0;32m  OK  [0m] Started Journal Service.
[[0;32m  OK  [0m] Started Uncomplicated firewall.
[[0;32m  OK  [0m] Started Load Kernel Modules.
[[0;32m  OK  [0m] Mounted Kernel Debug File System.
[[0;32m  OK  [0m] Mounted POSIX Message Queue File System.
[[0;32m  OK  [0m] Mounted Huge Pages File System.
[[0;32m  OK  [0m] Started LVM2 metadata daemon.
         Starting Apply Kernel Variables...
         Mounting FUSE Control File System...
         Mounting Kernel Configuration File System...
[[0;32m  OK  [0m] Started Create list of required staâ€¦vice nodes for the current kernel.
[[0;32m  OK  [0m] Mounted FUSE Control File System.
[[0;32m  OK  [0m] Mounted Kernel Configuration File System.
[[0;32m  OK  [0m] Started File System Check Daemon to report status.
         Starting Create Static Device Nodes in /dev...
[[0;32m  OK  [0m] Started Monitoring of LVM2 mirrors,â€¦sing dmeventd or progress polling.
[[0;32m  OK  [0m] Started File System Check on Root Device.
         Starting Remount Root and Kernel File Systems...
[[0;32m  OK  [0m] Started udev Coldplug all Devices.
[[0;32m  OK  [0m] Started Apply Kernel Variables.
[[0;32m  OK  [0m] Started Create Static Device Nodes in /dev.
[[0;32m  OK  [0m] Started Remount Root and Kernel File Systems.
         Starting udev Kernel Device Manager...
         Starting Flush Journal to Persistent Storage...
         Starting Load/Save Random Seed...
[[0;32m  OK  [0m] Started udev Kernel Device Manager.
[[0;32m  OK  [0m] Started Load/Save Random Seed.
[[0;32m  OK  [0m] Started Flush Journal to Persistent Storage.
[[0;32m  OK  [0m] Found device /dev/ttyS0.
[[0;32m  OK  [0m] Listening on Load/Save RF Kill Switch Status /dev/rfkill Watch.
[[0;32m  OK  [0m] Started Set the console keyboard layout.
[[0;32m  OK  [0m] Reached target Local File Systems (Pre).
[[0;32m  OK  [0m] Reached target Local File Systems.
         Starting Set console font and keymap...
         Starting Commit a transient machine-id on disk...
         Starting AppArmor initialization...
         Starting Tell Plymouth To Write Out Runtime Data...
         Starting ebtables ruleset management...
         Starting Create Volatile Files and Directories...
[[0;32m  OK  [0m] Started Dispatch Password Requests to Console Directory Watch.
[[0;32m  OK  [0m] Reached target Local Encrypted Volumes.
[[0;32m  OK  [0m] Started Tell Plymouth To Write Out Runtime Data.
[[0;32m  OK  [0m] Started Commit a transient machine-id on disk.
[[0;32m  OK  [0m] Started Create Volatile Files and Directories.
         Starting Update UTMP about System Boot/Shutdown...
[[0;32m  OK  [0m] Started Update UTMP about System Boot/Shutdown.
[[0;32m  OK  [0m] Started ebtables ruleset management.
[[0;32m  OK  [0m] Started AppArmor initialization.
         Starting Load AppArmor profiles managed internally by snapd...
         Starting Initial cloud-init job (pre-networking)...
[[0;32m  OK  [0m] Started Load AppArmor profiles managed internally by snapd.
[[0;32m  OK  [0m] Started Set console font and keymap.
[   11.499520] cloud-init[757]: Cloud-init v. 22.2-0ubuntu1~18.04.3 running 'init-local' at Sun, 12 Nov 2023 17:30:09 +0000. Up 11.01 seconds.
[[0;32m  OK  [0m] Started Initial cloud-init job (pre-networking).
[[0;32m  OK  [0m] Reached target Network (Pre).
         Starting Network Service...
[[0;32m  OK  [0m] Started Network Service.
         Starting Wait for Network to be Configured...
         Starting Network Name Resolution...
[[0;32m  OK  [0m] Started Network Name Resolution.
[[0;32m  OK  [0m] Reached target Network.
[[0;32m  OK  [0m] Reached target Host and Network Name Lookups.
[[0;32m  OK  [0m] Started Wait for Network to be Configured.
         Starting Initial cloud-init job (metadata service crawler)...
[   14.016547] cloud-init[877]: Cloud-init v. 22.2-0ubuntu1~18.04.3 running 'init' at Sun, 12 Nov 2023 17:30:12 +0000. Up 13.77 seconds.
[   14.019886] cloud-init[877]: ci-info: ++++++++++++++++++++++++++++++++++++++Net device info+++++++++++++++++++++++++++++++++++++++
[   14.022107] cloud-init[877]: ci-info: +--------+-------+----------------------------+---------------+--------+-------------------+
[   14.040719] cloud-init[877]: ci-info: | Device |   Up  |          Address           |      Mask     | Scope  |     Hw-Address    |
[   14.042929] cloud-init[877]: ci-info: +--------+-------+----------------------------+---------------+--------+-------------------+
[   14.045113] cloud-init[877]: ci-info: | enp0s3 |  True |         10.0.2.15          | 255.255.255.0 | global | 02:d7:28:fc:8d:bd |
[   14.048268] cloud-init[877]: ci-info: | enp0s3 |  True | fe80::d7:28ff:fefc:8dbd/64 |       .       |  link  | 02:d7:28:fc:8d:bd |
[   14.050513] cloud-init[877]: ci-info: | enp0s8 | False |             .              |       .       |   .    | 08:00:27:1f:b4:25 |
[   14.053364] cloud-init[877]: ci-info: |   lo   |  True |         127.0.0.1          |   255.0.0.0   |  host  |         .         |
[   14.057008] cloud-init[877]: ci-info: |   lo   |  True |          ::1/128           |       .       |  host  |         .         |
[   14.063561] cloud-init[877]: ci-info: +--------+-------+----------------------------+---------------+--------+-------------------+
[   14.067967] cloud-init[877]: ci-info: ++++++++++++++++++++++++++++Route IPv4 info+++++++++++++++++++++++++++++
[   14.074134] cloud-init[877]: ci-info: +-------+-------------+----------+-----------------+-----------+-------+
[   14.078944] cloud-init[877]: ci-info: | Route | Destination | Gateway  |     Genmask     | Interface | Flags |
[   14.083677] cloud-init[877]: ci-info: +-------+-------------+----------+-----------------+-----------+-------+
[   14.085534] cloud-init[877]: ci-info: |   0   |   0.0.0.0   | 10.0.2.2 |     0.0.0.0     |   enp0s3  |   UG  |
[   14.096265] cloud-init[877]: ci-info: |   1   |   10.0.2.0  | 0.0.0.0  |  255.255.255.0  |   enp0s3  |   U   |
[   14.098200] cloud-init[877]: ci-info: |   2   |   10.0.2.2  | 0.0.0.0  | 255.255.255.255 |   enp0s3  |   UH  |
[   14.100978] cloud-init[877]: ci-info: +-------+-------------+----------+-----------------+-----------+-------+
[   14.106871] cloud-init[877]: ci-info: +++++++++++++++++++Route IPv6 info+++++++++++++++++++
[   14.124241] cloud-init[877]: ci-info: +-------+-------------+---------+-----------+-------+
[   14.125828] cloud-init[877]: ci-info: | Route | Destination | Gateway | Interface | Flags |
[   14.136238] cloud-init[877]: ci-info: +-------+-------------+---------+-----------+-------+
[   14.137868] cloud-init[877]: ci-info: |   1   |  fe80::/64  |    ::   |   enp0s3  |   U   |
[   14.140266] cloud-init[877]: ci-info: |   3   |    local    |    ::   |   enp0s3  |   U   |
[   14.144222] cloud-init[877]: ci-info: |   4   |   ff00::/8  |    ::   |   enp0s3  |   U   |
[   14.146546] cloud-init[877]: ci-info: +-------+-------------+---------+-----------+-------+
[   15.059985] cloud-init[877]: Generating public/private rsa key pair.
[   15.062322] cloud-init[877]: Your identification has been saved in /etc/ssh/ssh_host_rsa_key.
[   15.064636] cloud-init[877]: Your public key has been saved in /etc/ssh/ssh_host_rsa_key.pub.
[   15.077580] cloud-init[877]: The key fingerprint is:
[   15.079469] cloud-init[877]: SHA256:iUYXVrXnJj4UXMeXEJZUFDlsuYb8QS9hnWMl2xdh51A root@ubuntu-bionic
[   15.096317] cloud-init[877]: The key's randomart image is:
[   15.097971] cloud-init[877]: +---[RSA 2048]----+
[   15.099603] cloud-init[877]: |        o...o=@@E|
[   15.105048] cloud-init[877]: |       . . ..++^*|
[   15.106775] cloud-init[877]: |      . .   =.B.X|
[   15.112514] cloud-init[877]: |     . o .   *.+o|
[   15.114400] cloud-init[877]: |      o S   o =..|
[   15.121331] cloud-init[877]: |     .     o o . |
[   15.122910] cloud-init[877]: |            o    |
[   15.124357] cloud-init[877]: |             .   |
[   15.126505] cloud-init[877]: |                 |
[   15.132359] cloud-init[877]: +----[SHA256]-----+
[   15.133855] cloud-init[877]: Generating public/private dsa key pair.
[   15.140299] cloud-init[877]: Your identification has been saved in /etc/ssh/ssh_host_dsa_key.
[   15.143013] cloud-init[877]: Your public key has been saved in /etc/ssh/ssh_host_dsa_key.pub.
[   15.148414] cloud-init[877]: The key fingerprint is:
[   15.152303] cloud-init[877]: SHA256:11+fVQnstV8h3KAbr8j2qC1y1dXHjSBj80ZgIfTJnAw root@ubuntu-bionic
[   15.155941] cloud-init[877]: The key's randomart image is:
[   15.160884] cloud-init[877]: +---[DSA 1024]----+
[   15.162439] cloud-init[877]: |       .E +oooo  |
[   15.168273] cloud-init[877]: |         O=o++.+.|
[   15.169792] cloud-init[877]: |         .BO..++=|
[   15.171356] cloud-init[877]: |           .*o.o*|
[   15.173046] cloud-init[877]: |        S ooo.  *|
[   15.176189] cloud-init[877]: |        .o.... .=|
[   15.180254] cloud-init[877]: |        .+ .  ...|
[   15.184317] cloud-init[877]: |     . oo o      |
[   15.185845] cloud-init[877]: |      o.oo .     |
[   15.192252] cloud-init[877]: +----[SHA256]-----+
[   15.193694] cloud-init[877]: Generating public/private ecdsa key pair.
[   15.196018] cloud-init[877]: Your identification has been saved in /etc/ssh/ssh_host_ecdsa_key.
[[0;32m  OK  [0m] Started Initial cloud-init job (metadata service crawler).
[   15.204230] cloud-init[877]: Your public key has been saved in /etc/ssh/ssh_host_ecdsa_key.pub.
[[0;32m  OK  [0m] Reached target Cloud-config availability.
[   15.211003] cloud-init[877]: The key fingerprint is:
[   15.212884] cloud-init[877]: SHA256:CLmd05IM10LVDCaoHY4zR4qzndzd+05QPTs2anZPq0I root@ubuntu-bionic
[   15.215642] cloud-init[877]: The key's randomart image is:
[   15.217453] cloud-init[877]: +---[ECDSA 256]---+
[   15.219080] cloud-init[877]: [[0;32m  OK  [0m] Reached target System Initialization.
[[0;32m  OK  [0m] Started Ubuntu Advantage Timer for running repeated jobs.
[[0;32m  OK  [0m] Listening on ACPID Listen Socket.|     .o.++       |
[   15.231708] 
[[0;32m  OK  [0m] Listening on Open-iSCSI iscsid Socket.
[[0;32m  OK  [0m] Started Message of the Day.
cloud-init[877]: |    +o +  o.     |
         [   15.241280] cloud-init[877]: | . B+.o . . o    |
[   15.241576] cloud-init[877]: |o * +B * .   o   |
Starting Socket activation for snappy daemon.
[   15.249594] cloud-init[877]: | = *..O.S   =    |
[   15.253533] cloud-init[877]: |. + . .o..Eo o   |
[   15.256196] cloud-init[877]: |         o= . .  |
[   15.259440] cloud-init[877]: |        .+.. o . |
[   15.262695] cloud-init[877]: |         oo...o  |
[   15.264499] cloud-init[877]: +----[SHA256]-----+
[   15.265907] cloud-init[877]: Generating public/private ed25519 key pair.
[   15.268015] cloud-init[877]: Your identification has been saved in /etc/ssh/ssh_host_ed25519_key.
[   15.271089] cloud-init[877]: Your public key has been saved in /etc/ssh/ssh_host_ed25519_key.pub.
[   15.274004] cloud-init[877]: The key fingerprint is:
[   15.275626] cloud-init[877]: SHA256:2G8fdE0N+ZPVAyeA/Tho+mF+nI8sj6oTmDdlFxyIC6U root@ubuntu-bionic
[   15.278433] cloud-init[877]: The key's randomart image is:
[   15.280371] cloud-init[877]: +--[ED25519 256]--+
[   15.282108] cloud-init[877]: |    ... o.+..ooo.|
[   15.283765] cloud-init[877]: |   ... . + .  +o+|
[   15.285411] cloud-init[877]: |   E. .   o o  .*|
[   15.287168] cloud-init[877]: |     . = + o . =.|
[   15.288802] cloud-init[877]: |    o + S   o . o|
[   15.290473] cloud-init[877]: |   o + . + . .   |
[   15.292151] cloud-init[877]: |    . o + = o    |
[   15.293674] cloud-init[877]: |     .   =o=..   |
         Starting LXD - unix socket.
[[0;32m  OK  [0m] Started Daily apt download activities.
[[0;32m  OK  [0m[   15.301008] cloud-init[877]: |     .o...++o.   |
[   15.302689] cloud-init[877]: +----[SHA256]-----+] Started Daily apt upgrade and clean activities.
[[0;32m  OK  [0m] Listening on cloud-init hotplug hook socket.
[[0;32m  OK  [0m] Listening on UUID daemon activation socket.
[[0;32m  OK  [0m] Started Daily Cleanup of Temporary Directories.

[[0;32m  OK  [0m] Started Discard unused blocks once a week.
[[0;32m  OK  [0m] Reached target Timers.
[[0;32m  OK  [0m] Listening on D-Bus System Message Bus Socket.
[[0;32m  OK  [0m] Started ACPI Events Check.
[[0;32m  OK  [0m] Reached target Paths.
[[0;32m  OK  [0m] Reached target Network is Online.
         Starting Availability of block devices...
[[0;32m  OK  [0m] Reached target Remote File Systems (Pre).
[[0;32m  OK  [0m] Reached target Remote File Systems.
[[0;32m  OK  [0m] Listening on Socket activation for snappy daemon.
[[0;32m  OK  [0m] Listening on LXD - unix socket.
[[0;32m  OK  [0m] Started Availability of block devices.
[[0;32m  OK  [0m] Reached target Sockets.
[[0;32m  OK  [0m] Reached target Basic System.
[[0;32m  OK  [0m] Started Regular background program processing daemon.
[[0;32m  OK  [0m] Started irqbalance daemon.
         Starting Permit User Sessions...
         Starting LSB: automatic crash report generation...
         Starting Dispatcher daemon for systemd-networkd...
         Starting Login Service...
[[0;32m  OK  [0m] Started D-Bus System Message Bus.
         Starting System Logging Service...
         Starting Accounts Service...
         Starting LXD - container startup/shutdown...
         Starting Virtualbox guest utils...
[[0;32m  OK  [0m] Started FUSE filesystem for LXC.
         Starting LSB: Record successful boot for GRUB...
         Starting Pollinate to seed the pseudo random number generator...
[[0;32m  OK  [0m] Started Deferred execution scheduler.
         Starting Snap Daemon...
[[0;32m  OK  [0m] Started System Logging Service.
[[0;32m  OK  [0m] Started Permit User Sessions.
[[0;32m  OK  [0m] Started Login Service.
         Starting Authorization Manager...
[[0;32m  OK  [0m] Started Unattended Upgrades Shutdown.
         Starting Hold until boot process finishes up...
         Starting Terminate Plymouth Boot Screen...
[[0;32m  OK  [0m] Started Hold until boot process finishes up.
[[0;32m  OK  [0m] Started Serial Getty on ttyS0.
         Starting Set console scheme...
[[0;32m  OK  [0m] Started Terminate Plymouth Boot Screen.
[[0;32m  OK  [0m] Started Set console scheme.
[[0;32m  OK  [0m] Created slice system-getty.slice.
[[0;32m  OK  [0m] Started Getty on tty1.
[[0;32m  OK  [0m] Reached target Login Prompts.
[[0;32m  OK  [0m] Started LSB: automatic crash report generation.
[[0;32m  OK  [0m] Started LSB: Record successful boot for GRUB.
[[0;32m  OK  [0m] Started Authorization Manager.
[[0;32m  OK  [0m] Started Accounts Service.
[[0;32m  OK  [0m] Started LXD - container startup/shutdown.
[[0;32m  OK  [0m] Started Virtualbox guest utils.
[[0;32m  OK  [0m] Started Dispatcher daemon for systemd-networkd.
[[0;32m  OK  [0m] Started Snap Daemon.
         Starting Wait until snapd is fully seeded...
         Starting Time & Date Service...
[[0;32m  OK  [0m] Started Time & Date Service.
[[0;32m  OK  [0m] Started Pollinate to seed the pseudo random number generator.
         Starting OpenBSD Secure Shell server...
[[0;32m  OK  [0m] Started OpenBSD Secure Shell server.
[[0;32m  OK  [0m] Started Wait until snapd is fully seeded.
         Starting Apply the settings specified in cloud-config...
[[0;32m  OK  [0m] Created slice User Slice of vagrant.
         Starting User Manager for UID 1000...
[[0;32m  OK  [0m] Started Session 1 of user vagrant.
[[0;32m  OK  [0m] Started User Manager for UID 1000.

Ubuntu 18.04.6 LTS ubuntu-bionic ttyS0

ubuntu-bionic login: [   22.138036] cloud-init[1270]: Cloud-init v. 22.2-0ubuntu1~18.04.3 running 'modules:config' at Sun, 12 Nov 2023 17:30:19 +0000. Up 20.53 seconds.
ci-info: no authorized SSH keys fingerprints found for user ubuntu.
<14>Nov 12 17:30:23 cloud-init: #############################################################
<14>Nov 12 17:30:23 cloud-init: -----BEGIN SSH HOST KEY FINGERPRINTS-----
<14>Nov 12 17:30:23 cloud-init: 1024 SHA256:11+fVQnstV8h3KAbr8j2qC1y1dXHjSBj80ZgIfTJnAw root@ubuntu-bionic (DSA)
<14>Nov 12 17:30:23 cloud-init: 256 SHA256:CLmd05IM10LVDCaoHY4zR4qzndzd+05QPTs2anZPq0I root@ubuntu-bionic (ECDSA)
<14>Nov 12 17:30:23 cloud-init: 256 SHA256:2G8fdE0N+ZPVAyeA/Tho+mF+nI8sj6oTmDdlFxyIC6U root@ubuntu-bionic (ED25519)
<14>Nov 12 17:30:23 cloud-init: 2048 SHA256:iUYXVrXnJj4UXMeXEJZUFDlsuYb8QS9hnWMl2xdh51A root@ubuntu-bionic (RSA)
<14>Nov 12 17:30:23 cloud-init: -----END SSH HOST KEY FINGERPRINTS-----
<14>Nov 12 17:30:23 cloud-init: #############################################################
-----BEGIN SSH HOST KEY KEYS-----
ecdsa-sha2-nistp256 AAAAE2VjZHNhLXNoYTItbmlzdHAyNTYAAAAIbmlzdHAyNTYAAABBBN6gl8e0ZkYp/cexnogQs1V7Su+Z6gLlYqDYev+GWLdoup5hqFpV1XS19Hj922EAr58C0TobX/rrYhkSJTdFveQ= root@ubuntu-bionic
ssh-ed25519 AAAAC3NzaC1lZDI1NTE5AAAAIL2b+rwaiN5S0u+MKO4fgsXn3HjeYBak+u8PepYkfC/k root@ubuntu-bionic
ssh-rsa AAAAB3NzaC1yc2EAAAADAQABAAABAQC8yfpB2RGwUX+JlYvYr9aGoTL1vZAMsT7h2w28LvhZaUK2M1HbCgruYYjpMw1pZ3RIlIIGMOktotGlFeUBnQTbQW+LNxDT3R2+myD4S2zoXTVZAZkhu53vCrjUEKSACgPBhEHPKtSTKQXiLTHte9Q6Y0harkdWm817o6noa/3C4EM5rf70kD2AqM+WQ32t2tptdnbXMffqLp0KZXF+zWd41mwuq9YZieYcrh2JQEToJ73tOBLZP2/c33dO/ZI9bC9aAO2MsU3YbrW+pTRslgvVi8tzDlPJuFutNSdENUOCc5BQNuIkAvl2NBVDwZWumh0FiMr8qy5zc9rIAzqgQIFT root@ubuntu-bionic
-----END SSH HOST KEY KEYS-----
[   24.895317] cloud-init[1404]: Cloud-init v. 22.2-0ubuntu1~18.04.3 running 'modules:final' at Sun, 12 Nov 2023 17:30:22 +0000. Up 24.04 seconds.
[   24.902114] cloud-init[1404]: Cloud-init v. 22.2-0ubuntu1~18.04.3 finished at Sun, 12 Nov 2023 17:30:23 +0000. Datasource DataSourceNoCloud [seed=/dev/sdb][dsmode=net].  Up 24.87 seconds
